PASS nariyal-signature customer desktop: hero text and coconut do not overlap; no horizontal overflow
PASS nariyal-signature admin desktop: hero text and coconut do not overlap; no horizontal overflow
PASS nariyal-signature customer tablet: hero text and coconut do not overlap; no horizontal overflow
PASS nariyal-signature admin tablet: hero text and coconut do not overlap; no horizontal overflow
PASS nariyal-signature customer mobile: hero text and coconut do not overlap; no horizontal overflow
PASS nariyal-signature admin mobile: hero text and coconut do not overlap; no horizontal overflow
PASS nariyal-signature customer narrow: hero text and coconut do not overlap; no horizontal overflow
PASS nariyal-signature admin narrow: hero text and coconut do not overlap; no horizontal overflow
PASS nariyal-signature customer landscape: hero text and coconut do not overlap; no horizontal overflow
PASS nariyal-signature admin landscape: hero text and coconut do not overlap; no horizontal overflow
PASS fresh-grove customer desktop: hero text and coconut do not overlap; no horizontal overflow
PASS fresh-grove admin desktop: hero text and coconut do not overlap; no horizontal overflow
PASS fresh-grove customer tablet: hero text and coconut do not overlap; no horizontal overflow
PASS fresh-grove admin tablet: hero text and coconut do not overlap; no horizontal overflow
PASS fresh-grove customer mobile: hero text and coconut do not overlap; no horizontal overflow
PASS fresh-grove admin mobile: hero text and coconut do not overlap; no horizontal overflow
PASS fresh-grove customer narrow: hero text and coconut do not overlap; no horizontal overflow
PASS fresh-grove admin narrow: hero text and coconut do not overlap; no horizontal overflow
PASS fresh-grove customer landscape: hero text and coconut do not overlap; no horizontal overflow
PASS fresh-grove admin landscape: hero text and coconut do not overlap; no horizontal overflow
PASS coastal-premium customer desktop: hero text and coconut do not overlap; no horizontal overflow
PASS coastal-premium admin desktop: hero text and coconut do not overlap; no horizontal overflow
PASS coastal-premium customer tablet: hero text and coconut do not overlap; no horizontal overflow
PASS coastal-premium admin tablet: hero text and coconut do not overlap; no horizontal overflow
PASS coastal-premium customer mobile: hero text and coconut do not overlap; no horizontal overflow
PASS coastal-premium admin mobile: hero text and coconut do not overlap; no horizontal overflow
PASS coastal-premium customer narrow: hero text and coconut do not overlap; no horizontal overflow
PASS coastal-premium admin narrow: hero text and coconut do not overlap; no horizontal overflow
PASS coastal-premium customer landscape: hero text and coconut do not overlap; no horizontal overflow
PASS coastal-premium admin landscape: hero text and coconut do not overlap; no horizontal overflow
PASS golden-harvest customer desktop: hero text and coconut do not overlap; no horizontal overflow
PASS golden-harvest admin desktop: hero text and coconut do not overlap; no horizontal overflow
PASS golden-harvest customer tablet: hero text and coconut do not overlap; no horizontal overflow
PASS golden-harvest admin tablet: hero text and coconut do not overlap; no horizontal overflow
PASS golden-harvest customer mobile: hero text and coconut do not overlap; no horizontal overflow
PASS golden-harvest admin mobile: hero text and coconut do not overlap; no horizontal overflow
PASS golden-harvest customer narrow: hero text and coconut do not overlap; no horizontal overflow
PASS golden-harvest admin narrow: hero text and coconut do not overlap; no horizontal overflow
PASS golden-harvest customer landscape: hero text and coconut do not overlap; no horizontal overflow
PASS golden-harvest admin landscape: hero text and coconut do not overlap; no horizontal overflow
Composition QA PASS (40 assertions)
